
// ==========================================================================
//  GPPG error listing for yacc source file <io\github\kerwinxu\Math\LibMath\LibMath.Language.grammar.y - 2022/8/10 21:59:24>
// ==========================================================================
//  Version:  1.5.2
//  DateTime: 2022/8/10 21:59:56
// ==========================================================================


%namespace io.github.kerwinxu.Math.LibMath
%partial
%parsertype LibMathParser
%visibility internal
%tokentype Token



%union { 
			public System.Numerics.Complex n; 
			public string s; 
	   }

%start line

%token COMPLEX OP_ADD OP_SUB OP_MUL OP_DIV OP_REM OP_FACT END NEG OP_POW OP_FUN LEFT_BRACKET RIGHT_BRACKET PI EXP REG
// ÓÅÏÈ¼¶ºÍ½áºÏÐÔÈçÏÂ
%left OP_ADD OP_SUB 
%left OP_MUL OP_DIV OP_REM OP_FACT
%right OP_POW
%left OP_FUN
%left NEG

%%

line:
    line expr END {
        //printf("%2f\n", $2);
        _result = $2.n;
        }
    |;

expr:
    expr OP_ADD term {$$.n = $1.n + $3.n;}
    | expr OP_SUB term {$$.n = $1.n - $3.n;}
    | term {$$.n=$1.n;}
;
term:
    term OP_MUL factor {$$.n = $1.n * $3.n;}
    | term OP_DIV factor {$$.n = $1.n / $3.n;}
    | term OP_POW factor {$$.n = System.Numerics.Complex.Pow($1.n,$3.n);}
    | term OP_REM factor {$$.n = new System.Numerics.Complex((int)$1.n.Real % (int)$3.n.Real,0 );} // ÓàÊý£¬½ö½öÊÇÕë¶ÔÕûÊýµÄ
    | factor {$$.n=$1.n;}
;
factor:
    COMPLEX {$$.n=$1.n;}
    | LEFT_BRACKET expr RIGHT_BRACKET {$$.n=$2.n;}
    | OP_SUB COMPLEX %prec NEG {$$.n=0-$2.n;}
    | OP_FUN LEFT_BRACKET expr RIGHT_BRACKET {$$.n = fun($1.s, $3.n);} // º¯ÊýÓÐÒ»¸ö²ÎÊý
    | OP_FUN LEFT_BRACKET expr "," expr RIGHT_BRACKET {$$.n = fun2($1.s, $3.n, $4.n);} //  º¯ÊýÓÐÁ½¸ö²ÎÊý
//---^^^^^^^^^^^^^^^^^^^^^^^^^^^^^^^^^^^^^^^^^^^^^^^^
// Error: Key "," was not found in token alias list
// ------------------------------------------------
;

%%// ==========================================================================

