<?xml version="1.0" encoding="UTF-8"?>
<TestRun id="fd0a4c7b-4592-4228-8494-f8cdfe8b3690" name="kerwin@HP-HP 2013-07-24 21:00:35" runUser="hp-HP\kerwin" xmlns="http://microsoft.com/schemas/VisualStudio/TeamTest/2010">
  <TestSettings name="本地" id="531aca3c-fce8-4ebb-aab7-3db4d6597b24">
    <Description>这些设置为本地测试运行的默认测试设置。</Description>
    <Deployment enabled="false" runDeploymentRoot="kerwin_HP-HP 2013-07-24 21_00_35">
      <DeploymentItem filename="E:\project\ArithmeticExpression\ArithmeticExpression\bin\Release\ArithmeticExpression.dll" />
    </Deployment>
    <Execution>
      <TestTypeSpecific />
      <AgentRule name="Execution Agents">
      </AgentRule>
    </Execution>
  </TestSettings>
  <Times creation="2013-07-24T21:00:35.8961592+08:00" queuing="2013-07-24T21:00:40.8054400+08:00" start="2013-07-24T21:00:41.0594545+08:00" finish="2013-07-24T21:00:43.4235897+08:00" />
  <ResultSummary outcome="Completed">
    <Counters total="1" executed="1" passed="1" error="0" failed="0" timeout="0" aborted="0" inconclusive="0" passedButRunAborted="0" notRunnable="0" notExecuted="0" disconnected="0" warning="0" completed="0" inProgress="0" pending="0" />
  </ResultSummary>
  <TestDefinitions>
    <UnitTest name="EvalTest" storage="e:\project\科学计算器多功能版\testproject1\bin\release\testproject1.dll" id="4aad771e-ef02-59c8-b909-ef1fa4dff3ab">
      <Execution id="52fcf5d8-8c75-4c87-b63b-5a7023a770e5" />
      <TestMethod codeBase="E:/project/科学计算器多功能版/TestProject1/bin/Release/TestProject1.DLL" adapterTypeName="Microsoft.VisualStudio.TestTools.TestTypes.Unit.UnitTestAdapter, Microsoft.VisualStudio.QualityTools.Tips.UnitTest.Adapter, Version=10.0.0.0, Culture=neutral, PublicKeyToken=b03f5f7f11d50a3a" className="TestProject1.ArithmeticExpressionTest, TestProject1, Version=1.0.0.0, Culture=neutral, PublicKeyToken=null" name="EvalTest" />
    </UnitTest>
  </TestDefinitions>
  <TestLists>
    <TestList name="列表中未列出的结果" id="8c84fa94-04c1-424b-9868-57a2d4851a1d" />
    <TestList name="所有已加载的结果" id="19431567-8539-422a-85d7-44ee4e166bda" />
  </TestLists>
  <TestEntries>
    <TestEntry testId="4aad771e-ef02-59c8-b909-ef1fa4dff3ab" executionId="52fcf5d8-8c75-4c87-b63b-5a7023a770e5" testListId="8c84fa94-04c1-424b-9868-57a2d4851a1d" />
  </TestEntries>
  <Results>
    <UnitTestResult executionId="52fcf5d8-8c75-4c87-b63b-5a7023a770e5" testId="4aad771e-ef02-59c8-b909-ef1fa4dff3ab" testName="EvalTest" computerName="HP-HP" duration="00:00:00.2292056" startTime="2013-07-24T21:00:41.2384648+08:00" endTime="2013-07-24T21:00:43.1275728+08:00" testType="13cdc9d9-ddb5-4fa4-a97d-d965ccfc6d4b" outcome="Passed" testListId="8c84fa94-04c1-424b-9868-57a2d4851a1d" relativeResultsDirectory="52fcf5d8-8c75-4c87-b63b-5a7023a770e5">
    </UnitTestResult>
  </Results>
</TestRun>