<?xml version="1.0" encoding="UTF-8"?>
<TestRun id="609ff7c0-1a5c-4866-a586-66661d886d5a" name="kerwin@HP-HP 2013-07-24 20:16:19" runUser="hp-HP\kerwin" xmlns="http://microsoft.com/schemas/VisualStudio/TeamTest/2010">
  <TestSettings name="本地" id="531aca3c-fce8-4ebb-aab7-3db4d6597b24">
    <Description>这些设置为本地测试运行的默认测试设置。</Description>
    <Deployment enabled="false" runDeploymentRoot="kerwin_HP-HP 2013-07-24 20_16_19">
      <DeploymentItem filename="E:\project\ArithmeticExpression\ArithmeticExpression\bin\Release\ArithmeticExpression.dll" />
    </Deployment>
    <Execution>
      <TestTypeSpecific />
      <AgentRule name="Execution Agents">
      </AgentRule>
    </Execution>
  </TestSettings>
  <Times creation="2013-07-24T20:16:19.3622353+08:00" queuing="2013-07-24T20:16:30.5498752+08:00" start="2013-07-24T20:16:31.4629269+08:00" finish="2013-07-24T20:16:49.1779401+08:00" />
  <ResultSummary outcome="Error">
    <Counters total="2" executed="1" error="0" failed="0" timeout="0" aborted="1" inconclusive="0" passedButRunAborted="0" notRunnable="0" notExecuted="1" disconnected="0" warning="0" passed="0" completed="0" inProgress="0" pending="0" />
    <RunInfos>
      <RunInfo computerName="HP-HP" outcome="Error" timestamp="2013-07-24T20:16:49.1349377+08:00">
        <Text>测试宿主进程意外退出。</Text>
      </RunInfo>
    </RunInfos>
  </ResultSummary>
  <TestDefinitions>
    <UnitTest name="Calc_ExprBackTest" storage="e:\project\科学计算器多功能版\testproject1\bin\release\testproject1.dll" id="16e3d6f2-97ec-1aa7-3461-75f8c5695b71">
      <Execution id="e34cf111-945f-4553-bbb0-1e403af1868a" />
      <TestMethod codeBase="E:/project/科学计算器多功能版/TestProject1/bin/Release/TestProject1.DLL" adapterTypeName="Microsoft.VisualStudio.TestTools.TestTypes.Unit.UnitTestAdapter, Microsoft.VisualStudio.QualityTools.Tips.UnitTest.Adapter, Version=10.0.0.0, Culture=neutral, PublicKeyToken=b03f5f7f11d50a3a" className="TestProject1.ArithmeticExpressionTest, TestProject1, Version=1.0.0.0, Culture=neutral, PublicKeyToken=null" name="Calc_ExprBackTest" />
    </UnitTest>
    <UnitTest name="ConvertExprBackTest" storage="e:\project\科学计算器多功能版\testproject1\bin\release\testproject1.dll" id="6924babe-df52-c562-c3a8-d4237c9a4e3c">
      <Execution id="a026a4e3-db7c-4eb0-99c6-c7763349154c" />
      <TestMethod codeBase="E:/project/科学计算器多功能版/TestProject1/bin/Release/TestProject1.DLL" adapterTypeName="Microsoft.VisualStudio.TestTools.TestTypes.Unit.UnitTestAdapter, Microsoft.VisualStudio.QualityTools.Tips.UnitTest.Adapter, Version=10.0.0.0, Culture=neutral, PublicKeyToken=b03f5f7f11d50a3a" className="TestProject1.ArithmeticExpressionTest, TestProject1, Version=1.0.0.0, Culture=neutral, PublicKeyToken=null" name="ConvertExprBackTest" />
    </UnitTest>
  </TestDefinitions>
  <TestLists>
    <TestList name="列表中未列出的结果" id="8c84fa94-04c1-424b-9868-57a2d4851a1d" />
    <TestList name="所有已加载的结果" id="19431567-8539-422a-85d7-44ee4e166bda" />
  </TestLists>
  <TestEntries>
    <TestEntry testId="16e3d6f2-97ec-1aa7-3461-75f8c5695b71" executionId="e34cf111-945f-4553-bbb0-1e403af1868a" testListId="8c84fa94-04c1-424b-9868-57a2d4851a1d" />
    <TestEntry testId="6924babe-df52-c562-c3a8-d4237c9a4e3c" executionId="a026a4e3-db7c-4eb0-99c6-c7763349154c" testListId="8c84fa94-04c1-424b-9868-57a2d4851a1d" />
  </TestEntries>
  <Results>
    <UnitTestResult executionId="e34cf111-945f-4553-bbb0-1e403af1868a" testId="16e3d6f2-97ec-1aa7-3461-75f8c5695b71" testName="Calc_ExprBackTest" computerName="HP-HP" duration="00:00:17.3919948" startTime="2013-07-24T20:16:31.7829452+08:00" endTime="2013-07-24T20:16:49.1749400+08:00" testType="13cdc9d9-ddb5-4fa4-a97d-d965ccfc6d4b" outcome="Aborted" testListId="8c84fa94-04c1-424b-9868-57a2d4851a1d" relativeResultsDirectory="e34cf111-945f-4553-bbb0-1e403af1868a">
    </UnitTestResult>
    <UnitTestResult executionId="a026a4e3-db7c-4eb0-99c6-c7763349154c" testId="6924babe-df52-c562-c3a8-d4237c9a4e3c" testName="ConvertExprBackTest" computerName="HP-HP" testType="13cdc9d9-ddb5-4fa4-a97d-d965ccfc6d4b" outcome="NotExecuted" testListId="8c84fa94-04c1-424b-9868-57a2d4851a1d" relativeResultsDirectory="a026a4e3-db7c-4eb0-99c6-c7763349154c">
    </UnitTestResult>
  </Results>
</TestRun>